04:11:06.098 [restartedMain] INFO  c.s.RuoYiApplication - [logStarting,55] - Starting RuoYiApplication using Java 1.8.0_442 on MGMMacBook-Pro.local with PID 74756 (/Users/mgm/Desktop/YoLive-main/source-vue-master/source-admin/target/classes started by mgm in /Users/mgm/Desktop/YoLive-main)
04:11:06.093 [background-preinit] INFO  o.h.v.i.util.Version - [<clinit>,21] - HV000001: Hibernate Validator 6.2.0.Final
04:11:06.106 [restartedMain] INFO  c.s.RuoYiApplication - [logStartupProfileInfo,674] - The following profiles are active: druid
04:11:09.861 [restartedMain] INFO  o.a.c.h.Http11NioProtocol - [log,173] - Initializing ProtocolHandler ["http-nio-0.0.0.0-8088"]
04:11:09.863 [restartedMain] INFO  o.a.c.c.StandardService - [log,173] - Starting service [Tomcat]
04:11:09.863 [restartedMain] INFO  o.a.c.c.StandardEngine - [log,173] - Starting Servlet engine: [Apache Tomcat/9.0.56]
04:11:09.935 [restartedMain] INFO  o.a.c.c.C.[.[.[/] - [log,173] - Initializing Spring embedded WebApplicationContext
04:11:11.360 [restartedMain] INFO  c.a.d.p.DruidDataSource - [init,998] - {dataSource-1} inited
04:11:11.424 [restartedMain] INFO  o.h.j.i.u.LogHelper - [logPersistenceUnitInformation,31] - HHH000204: Processing PersistenceUnitInfo [name: default]
04:11:11.471 [restartedMain] INFO  o.hibernate.Version - [logVersion,44] - HHH000412: Hibernate ORM core version 5.4.33
04:11:11.586 [restartedMain] INFO  o.h.a.common.Version - [<clinit>,56] - HCANN000001: Hibernate Commons Annotations {5.1.2.Final}
04:11:11.712 [restartedMain] INFO  o.h.dialect.Dialect - [<init>,175] - HHH000400: Using dialect: org.hibernate.dialect.MySQL8Dialect
04:11:12.528 [restartedMain] INFO  o.h.e.t.j.p.i.JtaPlatformInitiator - [initiateService,52] - HHH000490: Using JtaPlatform implementation: [org.hibernate.engine.transaction.jta.platform.internal.NoJtaPlatform]
04:11:14.982 [restartedMain] INFO  o.q.i.StdSchedulerFactory - [instantiate,1220] - Using default implementation for ThreadExecutor
04:11:14.994 [restartedMain] INFO  o.q.c.SchedulerSignalerImpl - [<init>,61] - Initialized Scheduler Signaller of type: class org.quartz.core.SchedulerSignalerImpl
04:11:14.995 [restartedMain] INFO  o.q.c.QuartzScheduler - [<init>,229] - Quartz Scheduler v.2.3.2 created.
04:11:15.003 [restartedMain] INFO  o.q.c.QuartzScheduler - [initialize,294] - Scheduler meta-data: Quartz Scheduler (v2.3.2) 'RuoyiScheduler' with instanceId 'MGMMacBook-Pro.local1748200274983'
  Scheduler class: 'org.quartz.core.QuartzScheduler' - running locally.
  NOT STARTED.
  Currently in standby mode.
  Number of jobs executed: 0
  Using thread pool 'org.quartz.simpl.SimpleThreadPool' - with 20 threads.
  Using job-store 'org.springframework.scheduling.quartz.LocalDataSourceJobStore' - which supports persistence. and is clustered.

04:11:15.004 [restartedMain] INFO  o.q.i.StdSchedulerFactory - [instantiate,1374] - Quartz scheduler 'RuoyiScheduler' initialized from an externally provided properties instance.
04:11:15.005 [restartedMain] INFO  o.q.i.StdSchedulerFactory - [instantiate,1378] - Quartz scheduler version: 2.3.2
04:11:15.007 [restartedMain] INFO  o.q.c.QuartzScheduler - [setJobFactory,2293] - JobFactory set to: org.springframework.scheduling.quartz.AdaptableJobFactory@2f22c7b
04:11:17.763 [restartedMain] INFO  o.a.c.h.Http11NioProtocol - [log,173] - Starting ProtocolHandler ["http-nio-0.0.0.0-8088"]
04:11:18.191 [restartedMain] INFO  c.s.RuoYiApplication - [logStarted,61] - Started RuoYiApplication in 12.766 seconds (JVM running for 13.828)
04:11:19.233 [Quartz Scheduler [RuoyiScheduler]] INFO  o.q.c.QuartzScheduler - [start,547] - Scheduler RuoyiScheduler_$_MGMMacBook-Pro.local1748200274983 started.
04:11:56.692 [http-nio-0.0.0.0-8088-exec-1] INFO  o.a.c.c.C.[.[.[/] - [log,173] - Initializing Spring DispatcherServlet 'dispatcherServlet'
05:31:12.233 [http-nio-0.0.0.0-8088-exec-31] INFO  c.s.c.u.RegionUtil - [<clinit>,48] - bean [org.lionsoul.ip2region.DbConfig@105bf53]
05:31:12.242 [http-nio-0.0.0.0-8088-exec-31] INFO  c.s.c.u.RegionUtil - [<clinit>,49] - bean [org.lionsoul.ip2region.DbSearcher@42542d61]
05:39:38.149 [SpringApplicationShutdownHook] INFO  o.q.c.QuartzScheduler - [standby,585] - Scheduler RuoyiScheduler_$_MGMMacBook-Pro.local1748200274983 paused.
05:39:38.306 [SpringApplicationShutdownHook] INFO  o.q.c.QuartzScheduler - [shutdown,666] - Scheduler RuoyiScheduler_$_MGMMacBook-Pro.local1748200274983 shutting down.
05:39:38.307 [SpringApplicationShutdownHook] INFO  o.q.c.QuartzScheduler - [standby,585] - Scheduler RuoyiScheduler_$_MGMMacBook-Pro.local1748200274983 paused.
05:39:38.309 [SpringApplicationShutdownHook] INFO  o.q.c.QuartzScheduler - [shutdown,740] - Scheduler RuoyiScheduler_$_MGMMacBook-Pro.local1748200274983 shutdown complete.
05:39:38.310 [SpringApplicationShutdownHook] INFO  sys-user - [shutdownAsyncManager,31] - ====关闭后台任务任务线程池====
05:39:38.362 [SpringApplicationShutdownHook] INFO  c.a.d.p.DruidDataSource - [close,2071] - {dataSource-1} closing ...
05:39:38.378 [SpringApplicationShutdownHook] INFO  c.a.d.p.DruidDataSource - [close,2144] - {dataSource-1} closed
05:39:55.454 [restartedMain] INFO  c.s.RuoYiApplication - [logStarting,55] - Starting RuoYiApplication using Java 1.8.0_442 on MGMMacBook-Pro.local with PID 76710 (/Users/mgm/Desktop/YoLive-main/source-vue-master/source-admin/target/classes started by mgm in /Users/mgm/Desktop/YoLive-main)
05:39:55.461 [background-preinit] INFO  o.h.v.i.util.Version - [<clinit>,21] - HV000001: Hibernate Validator 6.2.0.Final
05:39:55.462 [restartedMain] INFO  c.s.RuoYiApplication - [logStartupProfileInfo,674] - The following profiles are active: druid
05:39:58.622 [restartedMain] INFO  o.a.c.h.Http11NioProtocol - [log,173] - Initializing ProtocolHandler ["http-nio-0.0.0.0-8088"]
05:39:58.624 [restartedMain] INFO  o.a.c.c.StandardService - [log,173] - Starting service [Tomcat]
05:39:58.624 [restartedMain] INFO  o.a.c.c.StandardEngine - [log,173] - Starting Servlet engine: [Apache Tomcat/9.0.56]
05:39:58.691 [restartedMain] INFO  o.a.c.c.C.[.[.[/] - [log,173] - Initializing Spring embedded WebApplicationContext
05:40:00.203 [restartedMain] INFO  c.a.d.p.DruidDataSource - [init,998] - {dataSource-1} inited
05:40:00.256 [restartedMain] INFO  o.h.j.i.u.LogHelper - [logPersistenceUnitInformation,31] - HHH000204: Processing PersistenceUnitInfo [name: default]
05:40:00.300 [restartedMain] INFO  o.hibernate.Version - [logVersion,44] - HHH000412: Hibernate ORM core version 5.4.33
05:40:00.406 [restartedMain] INFO  o.h.a.common.Version - [<clinit>,56] - HCANN000001: Hibernate Commons Annotations {5.1.2.Final}
05:40:00.531 [restartedMain] INFO  o.h.dialect.Dialect - [<init>,175] - HHH000400: Using dialect: org.hibernate.dialect.MySQL8Dialect
05:40:01.182 [restartedMain] INFO  o.h.e.t.j.p.i.JtaPlatformInitiator - [initiateService,52] - HHH000490: Using JtaPlatform implementation: [org.hibernate.engine.transaction.jta.platform.internal.NoJtaPlatform]
05:40:03.571 [restartedMain] INFO  o.q.i.StdSchedulerFactory - [instantiate,1220] - Using default implementation for ThreadExecutor
05:40:03.580 [restartedMain] INFO  o.q.c.SchedulerSignalerImpl - [<init>,61] - Initialized Scheduler Signaller of type: class org.quartz.core.SchedulerSignalerImpl
05:40:03.580 [restartedMain] INFO  o.q.c.QuartzScheduler - [<init>,229] - Quartz Scheduler v.2.3.2 created.
05:40:03.585 [restartedMain] INFO  o.q.c.QuartzScheduler - [initialize,294] - Scheduler meta-data: Quartz Scheduler (v2.3.2) 'RuoyiScheduler' with instanceId 'MGMMacBook-Pro.local1748205603572'
  Scheduler class: 'org.quartz.core.QuartzScheduler' - running locally.
  NOT STARTED.
  Currently in standby mode.
  Number of jobs executed: 0
  Using thread pool 'org.quartz.simpl.SimpleThreadPool' - with 20 threads.
  Using job-store 'org.springframework.scheduling.quartz.LocalDataSourceJobStore' - which supports persistence. and is clustered.

05:40:03.585 [restartedMain] INFO  o.q.i.StdSchedulerFactory - [instantiate,1374] - Quartz scheduler 'RuoyiScheduler' initialized from an externally provided properties instance.
05:40:03.585 [restartedMain] INFO  o.q.i.StdSchedulerFactory - [instantiate,1378] - Quartz scheduler version: 2.3.2
05:40:03.586 [restartedMain] INFO  o.q.c.QuartzScheduler - [setJobFactory,2293] - JobFactory set to: org.springframework.scheduling.quartz.AdaptableJobFactory@26b29c5e
05:40:05.999 [restartedMain] INFO  o.a.c.h.Http11NioProtocol - [log,173] - Starting ProtocolHandler ["http-nio-0.0.0.0-8088"]
05:40:06.399 [restartedMain] INFO  c.s.RuoYiApplication - [logStarted,61] - Started RuoYiApplication in 11.532 seconds (JVM running for 12.586)
05:40:07.470 [Quartz Scheduler [RuoyiScheduler]] INFO  o.q.c.QuartzScheduler - [start,547] - Scheduler RuoyiScheduler_$_MGMMacBook-Pro.local1748205603572 started.
05:43:58.304 [http-nio-0.0.0.0-8088-exec-1] INFO  o.a.c.c.C.[.[.[/] - [log,173] - Initializing Spring DispatcherServlet 'dispatcherServlet'
06:00:01.379 [schedule-pool-1] INFO  sys-user - [run,55] - [127.0.0.1]内网IP[18720989281][Success][登录成功]
06:00:01.796 [schedule-pool-1] INFO  sys-user - [run,55] - [127.0.0.1]内网IP[18720989281][Success][登录成功]
06:05:15.639 [schedule-pool-2] INFO  sys-user - [run,55] - [127.0.0.1]内网IP[18720989281][Success][登录成功]
06:17:32.395 [SpringApplicationShutdownHook] INFO  o.q.c.QuartzScheduler - [standby,585] - Scheduler RuoyiScheduler_$_MGMMacBook-Pro.local1748205603572 paused.
06:17:32.830 [SpringApplicationShutdownHook] INFO  o.q.c.QuartzScheduler - [shutdown,666] - Scheduler RuoyiScheduler_$_MGMMacBook-Pro.local1748205603572 shutting down.
06:17:32.832 [SpringApplicationShutdownHook] INFO  o.q.c.QuartzScheduler - [standby,585] - Scheduler RuoyiScheduler_$_MGMMacBook-Pro.local1748205603572 paused.
06:17:32.834 [SpringApplicationShutdownHook] INFO  o.q.c.QuartzScheduler - [shutdown,740] - Scheduler RuoyiScheduler_$_MGMMacBook-Pro.local1748205603572 shutdown complete.
06:17:32.834 [SpringApplicationShutdownHook] INFO  sys-user - [shutdownAsyncManager,31] - ====关闭后台任务任务线程池====
06:17:32.875 [SpringApplicationShutdownHook] INFO  c.a.d.p.DruidDataSource - [close,2071] - {dataSource-1} closing ...
06:17:32.910 [SpringApplicationShutdownHook] INFO  c.a.d.p.DruidDataSource - [close,2144] - {dataSource-1} closed
06:17:47.763 [background-preinit] INFO  o.h.v.i.util.Version - [<clinit>,21] - HV000001: Hibernate Validator 6.2.0.Final
06:17:47.763 [restartedMain] INFO  c.s.RuoYiApplication - [logStarting,55] - Starting RuoYiApplication using Java 1.8.0_442 on MGMMacBook-Pro.local with PID 77492 (/Users/mgm/Desktop/YoLive-main/source-vue-master/source-admin/target/classes started by mgm in /Users/mgm/Desktop/YoLive-main)
06:17:47.772 [restartedMain] INFO  c.s.RuoYiApplication - [logStartupProfileInfo,674] - The following profiles are active: druid
06:17:53.168 [restartedMain] INFO  o.a.c.h.Http11NioProtocol - [log,173] - Initializing ProtocolHandler ["http-nio-0.0.0.0-8088"]
06:17:53.170 [restartedMain] INFO  o.a.c.c.StandardService - [log,173] - Starting service [Tomcat]
06:17:53.170 [restartedMain] INFO  o.a.c.c.StandardEngine - [log,173] - Starting Servlet engine: [Apache Tomcat/9.0.56]
06:17:53.255 [restartedMain] INFO  o.a.c.c.C.[.[.[/] - [log,173] - Initializing Spring embedded WebApplicationContext
06:17:54.838 [restartedMain] INFO  c.a.d.p.DruidDataSource - [init,998] - {dataSource-1} inited
06:17:54.896 [restartedMain] INFO  o.h.j.i.u.LogHelper - [logPersistenceUnitInformation,31] - HHH000204: Processing PersistenceUnitInfo [name: default]
06:17:54.940 [restartedMain] INFO  o.hibernate.Version - [logVersion,44] - HHH000412: Hibernate ORM core version 5.4.33
06:17:55.040 [restartedMain] INFO  o.h.a.common.Version - [<clinit>,56] - HCANN000001: Hibernate Commons Annotations {5.1.2.Final}
06:17:55.165 [restartedMain] INFO  o.h.dialect.Dialect - [<init>,175] - HHH000400: Using dialect: org.hibernate.dialect.MySQL8Dialect
06:17:55.806 [restartedMain] INFO  o.h.e.t.j.p.i.JtaPlatformInitiator - [initiateService,52] - HHH000490: Using JtaPlatform implementation: [org.hibernate.engine.transaction.jta.platform.internal.NoJtaPlatform]
06:17:58.198 [restartedMain] INFO  o.q.i.StdSchedulerFactory - [instantiate,1220] - Using default implementation for ThreadExecutor
06:17:58.206 [restartedMain] INFO  o.q.c.SchedulerSignalerImpl - [<init>,61] - Initialized Scheduler Signaller of type: class org.quartz.core.SchedulerSignalerImpl
06:17:58.206 [restartedMain] INFO  o.q.c.QuartzScheduler - [<init>,229] - Quartz Scheduler v.2.3.2 created.
06:17:58.211 [restartedMain] INFO  o.q.c.QuartzScheduler - [initialize,294] - Scheduler meta-data: Quartz Scheduler (v2.3.2) 'RuoyiScheduler' with instanceId 'MGMMacBook-Pro.local1748207878199'
  Scheduler class: 'org.quartz.core.QuartzScheduler' - running locally.
  NOT STARTED.
  Currently in standby mode.
  Number of jobs executed: 0
  Using thread pool 'org.quartz.simpl.SimpleThreadPool' - with 20 threads.
  Using job-store 'org.springframework.scheduling.quartz.LocalDataSourceJobStore' - which supports persistence. and is clustered.

06:17:58.211 [restartedMain] INFO  o.q.i.StdSchedulerFactory - [instantiate,1374] - Quartz scheduler 'RuoyiScheduler' initialized from an externally provided properties instance.
06:17:58.211 [restartedMain] INFO  o.q.i.StdSchedulerFactory - [instantiate,1378] - Quartz scheduler version: 2.3.2
06:17:58.212 [restartedMain] INFO  o.q.c.QuartzScheduler - [setJobFactory,2293] - JobFactory set to: org.springframework.scheduling.quartz.AdaptableJobFactory@287c81d4
06:18:01.565 [restartedMain] INFO  o.a.c.h.Http11NioProtocol - [log,173] - Starting ProtocolHandler ["http-nio-0.0.0.0-8088"]
06:18:02.542 [restartedMain] INFO  c.s.RuoYiApplication - [logStarted,61] - Started RuoYiApplication in 15.807 seconds (JVM running for 17.188)
06:18:03.628 [Quartz Scheduler [RuoyiScheduler]] INFO  o.q.c.QuartzScheduler - [start,547] - Scheduler RuoyiScheduler_$_MGMMacBook-Pro.local1748207878199 started.
06:18:14.001 [http-nio-0.0.0.0-8088-exec-1] INFO  o.a.c.c.C.[.[.[/] - [log,173] - Initializing Spring DispatcherServlet 'dispatcherServlet'
06:27:03.884 [schedule-pool-1] INFO  sys-user - [run,55] - [127.0.0.1]内网IP[18720989281][Success][登录成功]
06:27:04.389 [schedule-pool-1] INFO  sys-user - [run,55] - [127.0.0.1]内网IP[18720989281][Success][登录成功]
06:27:04.536 [schedule-pool-2] INFO  sys-user - [run,55] - [127.0.0.1]内网IP[18720989281][Success][登录成功]
06:32:25.172 [schedule-pool-1] INFO  sys-user - [run,55] - [127.0.0.1]内网IP[18720989281][Success][登录成功]
06:32:36.636 [schedule-pool-3] INFO  sys-user - [run,55] - [127.0.0.1]内网IP[18720989281][Success][登录成功]
06:32:37.583 [schedule-pool-2] INFO  sys-user - [run,55] - [127.0.0.1]内网IP[18720989281][Success][登录成功]
06:33:52.714 [schedule-pool-4] INFO  sys-user - [run,55] - [127.0.0.1]内网IP[18720989281][Success][登录成功]
06:37:43.795 [schedule-pool-8] INFO  sys-user - [run,55] - [127.0.0.1]内网IP[18720989281][Success][登录成功]
06:37:45.030 [schedule-pool-5] INFO  sys-user - [run,55] - [127.0.0.1]内网IP[18720989281][Success][登录成功]
06:38:07.276 [schedule-pool-3] INFO  sys-user - [run,55] - [127.0.0.1]内网IP[18720989281][Success][登录成功]
06:46:00.859 [schedule-pool-6] INFO  sys-user - [run,55] - [127.0.0.1]内网IP[18720989281][Success][登录成功]
06:47:10.177 [schedule-pool-2] INFO  sys-user - [run,55] - [127.0.0.1]内网IP[18720989281][Success][登录成功]
16:13:08.505 [SpringApplicationShutdownHook] INFO  o.q.c.QuartzScheduler - [standby,585] - Scheduler RuoyiScheduler_$_MGMMacBook-Pro.local1748207878199 paused.
16:13:08.764 [SpringApplicationShutdownHook] INFO  o.q.c.QuartzScheduler - [shutdown,666] - Scheduler RuoyiScheduler_$_MGMMacBook-Pro.local1748207878199 shutting down.
16:13:08.767 [SpringApplicationShutdownHook] INFO  o.q.c.QuartzScheduler - [standby,585] - Scheduler RuoyiScheduler_$_MGMMacBook-Pro.local1748207878199 paused.
16:13:08.790 [SpringApplicationShutdownHook] INFO  o.q.c.QuartzScheduler - [shutdown,740] - Scheduler RuoyiScheduler_$_MGMMacBook-Pro.local1748207878199 shutdown complete.
16:13:08.791 [SpringApplicationShutdownHook] INFO  sys-user - [shutdownAsyncManager,31] - ====关闭后台任务任务线程池====
16:13:08.847 [SpringApplicationShutdownHook] INFO  c.a.d.p.DruidDataSource - [close,2071] - {dataSource-1} closing ...
16:13:08.857 [SpringApplicationShutdownHook] INFO  c.a.d.p.DruidDataSource - [close,2144] - {dataSource-1} closed
